MMU INTERNAL TRACE
Block order: eviction/writeback (if any) -> access -> frame snapshot
Routing shown as L1[i] -> L2[j] through the multi-level page table
------------------------------------------------------------------------------
ACCESS #1   READ  video_meta.dat   vpn=40
            route : L1[0] -> L2[1]
            result: PAGE_FAULT frame 0  dirty=False
            frames:
              [0] video_meta.dat vpn=40 dirty=False
              [1] free
              [2] free
              [3] free
------------------------------------------------------------------------------
ACCESS #2   READ  inventory.db     vpn=0
            route : L1[0] -> L2[0]
            result: PAGE_FAULT frame 1  dirty=False
            frames:
              [0] video_meta.dat vpn=40 dirty=False
              [1] inventory.db vpn=0 dirty=False
              [2] free
              [3] free
------------------------------------------------------------------------------
ACCESS #3   READ  inventory.db     vpn=70
            route : L1[0] -> L2[2]
            result: PAGE_FAULT frame 2  dirty=False
            frames:
              [0] video_meta.dat vpn=40 dirty=False
              [1] inventory.db vpn=0 dirty=False
              [2] inventory.db vpn=70 dirty=False
              [3] free
------------------------------------------------------------------------------
ACCESS #4   WRITE app_logs.txt     vpn=40
            route : L1[0] -> L2[1]
            result: PAGE_FAULT frame 3  dirty=True
            frames:
              [0] video_meta.dat vpn=40 dirty=False
              [1] inventory.db vpn=0 dirty=False
              [2] inventory.db vpn=70 dirty=False
              [3] app_logs.txt vpn=40 dirty=True
------------------------------------------------------------------------------
[EVICT]     LRU victim video_meta.dat vpn=40 (frame 0, dirty=False)  -> freeing for video_meta.dat vpn=130
ACCESS #5   WRITE video_meta.dat   vpn=130
            route : L1[1] -> L2[0]
            result: PAGE_FAULT frame 0  dirty=True
            frames:
              [0] video_meta.dat vpn=130 dirty=True
              [1] inventory.db vpn=0 dirty=False
              [2] inventory.db vpn=70 dirty=False
              [3] app_logs.txt vpn=40 dirty=True
------------------------------------------------------------------------------
[EVICT]     LRU victim app_logs.txt vpn=40 (frame 3, dirty=True)  -> freeing for inventory.db vpn=200
[WRITEBACK] app_logs.txt vpn=40 (frame 3) flushed to disk
ACCESS #6   READ  inventory.db     vpn=200
            route : L1[1] -> L2[2]
            result: PAGE_FAULT frame 3  dirty=False
            frames:
              [0] video_meta.dat vpn=130 dirty=True
              [1] inventory.db vpn=0 dirty=False
              [2] inventory.db vpn=70 dirty=False
              [3] inventory.db vpn=200 dirty=False
------------------------------------------------------------------------------
[EVICT]     LRU victim inventory.db vpn=70 (frame 2, dirty=False)  -> freeing for app_logs.txt vpn=0
ACCESS #7   READ  app_logs.txt     vpn=0
            route : L1[0] -> L2[0]
            result: PAGE_FAULT frame 2  dirty=False
            frames:
              [0] video_meta.dat vpn=130 dirty=True
              [1] inventory.db vpn=0 dirty=False
              [2] app_logs.txt vpn=0 dirty=False
              [3] inventory.db vpn=200 dirty=False
------------------------------------------------------------------------------
[EVICT]     LRU victim inventory.db vpn=0 (frame 1, dirty=False)  -> freeing for app_logs.txt vpn=200
ACCESS #8   READ  app_logs.txt     vpn=200
            route : L1[1] -> L2[2]
            result: PAGE_FAULT frame 1  dirty=False
            frames:
              [0] video_meta.dat vpn=130 dirty=True
              [1] app_logs.txt vpn=200 dirty=False
              [2] app_logs.txt vpn=0 dirty=False
              [3] inventory.db vpn=200 dirty=False
------------------------------------------------------------------------------
ACCESS #9   READ  app_logs.txt     vpn=200
            route : L1[1] -> L2[2]
            result: TLB_HIT    frame 1  dirty=False
            frames:
              [0] video_meta.dat vpn=130 dirty=True
              [1] app_logs.txt vpn=200 dirty=False
              [2] app_logs.txt vpn=0 dirty=False
              [3] inventory.db vpn=200 dirty=False
------------------------------------------------------------------------------
[EVICT]     LRU victim inventory.db vpn=200 (frame 3, dirty=False)  -> freeing for inventory.db vpn=0
ACCESS #10  READ  inventory.db     vpn=0
            route : L1[0] -> L2[0]
            result: PAGE_FAULT frame 3  dirty=False
            frames:
              [0] video_meta.dat vpn=130 dirty=True
              [1] app_logs.txt vpn=200 dirty=False
              [2] app_logs.txt vpn=0 dirty=False
              [3] inventory.db vpn=0 dirty=False
------------------------------------------------------------------------------
[EVICT]     LRU victim video_meta.dat vpn=130 (frame 0, dirty=True)  -> freeing for inventory.db vpn=70
[WRITEBACK] video_meta.dat vpn=130 (frame 0) flushed to disk
ACCESS #11  READ  inventory.db     vpn=70
            route : L1[0] -> L2[2]
            result: PAGE_FAULT frame 0  dirty=False
            frames:
              [0] inventory.db vpn=70 dirty=False
              [1] app_logs.txt vpn=200 dirty=False
              [2] app_logs.txt vpn=0 dirty=False
              [3] inventory.db vpn=0 dirty=False
------------------------------------------------------------------------------
ACCESS #12  READ  app_logs.txt     vpn=0
            route : L1[0] -> L2[0]
            result: TLB_HIT    frame 2  dirty=False
            frames:
              [0] inventory.db vpn=70 dirty=False
              [1] app_logs.txt vpn=200 dirty=False
              [2] app_logs.txt vpn=0 dirty=False
              [3] inventory.db vpn=0 dirty=False
------------------------------------------------------------------------------
TRACE COMPLETE -- final statistics
   hits        : 2
   faults      : 10
   tlb_hits    : 2
   tlb_misses  : 10
   writebacks  : 2
------------------------------------------------------------------------------
